+---------+------------+------------+
|  Week   |   Start    |    End     |
+---------+------------+------------+
| Week 01 | 2014-07-12 | 2014-07-19 |
| Week 02 | 2014-07-20 | 2014-07-26 |
| Week 03 | 2014-07-27 | 2014-08-03 |
| Week 04 | 2014-08-04 | 2014-08-10 |
| Week 05 | 2014-08-11 | 2014-08-17 |
| Week 06 | 2014-08-18 | 2014-08-24 |
| Week 07 | 2014-08-25 | 2014-09-01 |
| Week 08 | 2014-09-02 | 2014-09-08 |
| Week 09 | 2014-09-09 | 2014-09-16 |
| Week 10 | 2014-09-17 | 2014-09-23 |
| Week 11 | 2014-09-24 | 2014-10-01 |
| Week 12 | 2014-10-02 | 2014-10-08 |
+---------+------------+------------+
